// Vitest Snapshot v1, https://vitest.dev/guide/snapshot.html

exports[`StepTwo > renders the component 1`] = `"<v-container-stub fluid=\\"true\\" tag=\\"div\\"></v-container-stub>"`;
