// Vitest Snapshot v1, https://vitest.dev/guide/snapshot.html

exports[`ToggleTheme > renders the component 1`] = `"<p>Mock component</p>"`;
